// Jest Snapshot v1, https://goo.gl/fbAQLP

exports[`<Header /> should render and match the snapshot 1`] = `
<body>
  <div>
    <header
      class="ant-layout-header Header__StyledHeader-wp2jxc-0 iNLvgP"
      data-testid="header"
      intl="[object Object]"
    >
      <p
        class="Header__Title-wp2jxc-1 cqlBDj"
        data-testid="title"
      >
        We Sell Recliners
      </p>
    </header>
  </div>
</body>
`;
